// Jest Snapshot v1, https://goo.gl/fbAQLP

exports[`Pruebas en <GiftItem /> Debe hacer match con el snapshop 1`] = `
<div>
  <div
    class="card"
  >
    <img
      alt="Prueba"
      src="https://media1.giphy.com/media/gIIIX3GbqJmkzxn9Mk/giphy.gif?cid=3285e6afm7o8ywcrpqe3md5oumk3amjk2b14f5qa7sfp77iq&rid=giphy.gif&ct=g"
    />
    <p>
      Prueba
    </p>
  </div>
</div>
`;
